[2026-05-16 11:58:31] : Begin
--------------------
*MCUTYPE* : STC8H2K16U
*ISPMODE* : 1
*ISPRESULT* : 3
--------------------
[2026-05-16 11:58:51] : End
--------------------------------------------------
[2026-05-16 12:01:04] : Begin
--------------------
*MCUTYPE* : STC8H2K16U
*FILENAME* : F:\Homework\宓屽叆寮忕郴缁熶綔涓歕瀹為獙2\AllInOne.hex
*FILETIME* : 2026年05月16日, 11:55:01
*FILESIZE* : 7973 (0x001F25)
*CODESIZE* : 2703 (0x000A8F)
*CHECKSUM* : 0x0005A512
*ISPMODE* : 2
*ISPRESULT* : 3
--------------------
[2026-05-16 12:01:29] : End
--------------------------------------------------
[2026-05-16 12:02:10] : Begin
[2026-05-16 12:08:33] : Begin
--------------------
*MCUTYPE* : STC8H2K16U
*FILENAME* : F:\Homework\宓屽叆寮忕郴缁熶綔涓歕瀹為獙2\AllInOne.hex
*FILETIME* : 2026年05月16日, 11:55:01
*FILESIZE* : 7973 (0x001F25)
*CODESIZE* : 2703 (0x000A8F)
*CHECKSUM* : 0x0005A512
*ISPMODE* : 2
*ISPRESULT* : 3
--------------------
[2026-05-16 12:11:04] : End
--------------------------------------------------
[2026-05-16 12:11:37] : Begin
--------------------
*MCUTYPE* : STC8H2K16U
*FILENAME* : F:\Homework\宓屽叆寮忕郴缁熶綔涓歕瀹為獙2\AllInOne.hex
*FILETIME* : 2026年05月16日, 11:55:01
*FILESIZE* : 7973 (0x001F25)
*CODESIZE* : 2703 (0x000A8F)
*CHECKSUM* : 0x0005A512
*ISPMODE* : 1
*ISPRESULT* : 3
--------------------
[2026-05-16 12:13:41] : End
--------------------------------------------------
[2026-05-16 12:14:34] : Begin
--------------------
*MCUTYPE* : IAP15W4K61S4
*FILENAME* : F:\Homework\宓屽叆寮忕郴缁熶綔涓歕瀹為獙2\AllInOne.hex
*FILETIME* : 2026年05月16日, 11:55:01
*FILESIZE* : 7973 (0x001F25)
*CODESIZE* : 2703 (0x000A8F)
*CHECKSUM* : 0x0005A512
*ISPMODE* : 2
*ISPRESULT* : 4
--------------------
[2026-05-16 12:14:35] : End
--------------------------------------------------
[2026-05-16 12:14:46] : Begin
--------------------
*MCUTYPE* : IAP15W4K61S4
*FILENAME* : F:\Homework\宓屽叆寮忕郴缁熶綔涓歕瀹為獙2\AllInOne.hex
*FILETIME* : 2026年05月16日, 11:55:01
*FILESIZE* : 7973 (0x001F25)
*CODESIZE* : 2703 (0x000A8F)
*CHECKSUM* : 0x0005A512
*ISPMODE* : 2
*ISPRESULT* : 4
--------------------
[2026-05-16 12:14:47] : End
--------------------------------------------------
[2026-05-16 12:16:46] : Begin
--------------------
*MCUTYPE* : STC15W4K56S4
*ISPMODE* : 1
*ISPRESULT* : 3
--------------------
[2026-05-16 12:16:53] : End
--------------------------------------------------
[2026-05-16 12:16:57] : Begin
--------------------
*MCUTYPE* : IAP15W4K61S4
*ISPMODE* : 1
*ISPRESULT* : 5
--------------------
[2026-05-16 12:16:58] : End
--------------------------------------------------
[2026-05-16 12:17:20] : Begin
--------------------
*MCUTYPE* : IAP15W4K61S4
*MCUID* : F56AC5380DA6A2
*FILENAME* : F:\Homework\宓屽叆寮忕郴缁熶綔涓歕瀹為獙2\AllInOne.hex
*FILETIME* : 2026年05月16日, 11:55:01
*FILESIZE* : 7973 (0x001F25)
*CODESIZE* : 2703 (0x000A8F)
*CHECKSUM* : 0x0005A512
*ISPMODE* : 2
*ISPRESULT* : 0
--------------------
[2026-05-16 12:17:30] : End
--------------------------------------------------
[2026-05-16 12:40:15] : Begin
--------------------
*MCUTYPE* : IAP15W4K61S4
*FILENAME* : F:\Homework\宓屽叆寮忕郴缁熶綔涓歕瀹為獙2\Objects\鎸夐敭.hex
*FILETIME* : 2026年05月16日, 12:38:54
*FILESIZE* : 133 (0x000085)
*CODESIZE* : 2079 (0x00081F)
*CHECKSUM* : 0x000809D8
*ISPMODE* : 2
*ISPRESULT* : 2
--------------------
[2026-05-16 12:40:35] : End
--------------------------------------------------
[2026-05-16 12:40:39] : Begin
--------------------
*MCUTYPE* : IAP15W4K61S4
*MCUID* : F56AC5380DA6A2
*FILENAME* : F:\Homework\宓屽叆寮忕郴缁熶綔涓歕瀹為獙2\Objects\鎸夐敭.hex
*FILETIME* : 2026年05月16日, 12:38:54
*FILESIZE* : 133 (0x000085)
*CODESIZE* : 2079 (0x00081F)
*CHECKSUM* : 0x000809D8
*ISPMODE* : 2
*ISPRESULT* : 0
--------------------
[2026-05-16 12:40:48] : End
--------------------------------------------------
[2026-05-16 12:43:42] : Begin
--------------------
*MCUTYPE* : IAP15W4K61S4
*MCUID* : F56AC5380DA6A2
*FILENAME* : F:\Homework\宓屽叆寮忕郴缁熶綔涓歕瀹為獙2\Objects\鎸夐敭.hex
*FILETIME* : 2026年05月16日, 12:43:30
*FILESIZE* : 137 (0x000089)
*CODESIZE* : 2081 (0x000821)
*CHECKSUM* : 0x000809F7
*ISPMODE* : 2
*ISPRESULT* : 0
--------------------
[2026-05-16 12:43:50] : End
--------------------------------------------------
[2026-05-16 12:44:16] : Begin
--------------------
*MCUTYPE* : IAP15W4K61S4
*MCUID* : F56AC5380DA6A2
*FILENAME* : F:\Homework\宓屽叆寮忕郴缁熶綔涓歕瀹為獙2\Objects\鎸夐敭.hex
*FILETIME* : 2026年05月16日, 12:44:04
*FILESIZE* : 137 (0x000089)
*CODESIZE* : 2081 (0x000821)
*CHECKSUM* : 0x00080AD8
*ISPMODE* : 2
*ISPRESULT* : 0
--------------------
[2026-05-16 12:44:26] : End
--------------------------------------------------
[2026-05-16 12:45:15] : Begin
--------------------
*MCUTYPE* : IAP15W4K61S4
*MCUID* : F56AC5380DA6A2
*FILENAME* : F:\Homework\宓屽叆寮忕郴缁熶綔涓歕瀹為獙2\Objects\鎸夐敭.hex
*FILETIME* : 2026年05月16日, 12:45:07
*FILESIZE* : 129 (0x000081)
*CODESIZE* : 2077 (0x00081D)
*CHECKSUM* : 0x000807C3
*ISPMODE* : 2
*ISPRESULT* : 0
--------------------
[2026-05-16 12:45:23] : End
--------------------------------------------------
[2026-05-16 12:48:12] : Begin
--------------------
*MCUTYPE* : IAP15W4K61S4
*MCUID* : F56AC5380DA6A2
*FILENAME* : F:\Homework\宓屽叆寮忕郴缁熶綔涓歕瀹為獙2\Objects\鎸夐敭.hex
*FILETIME* : 2026年05月16日, 12:48:07
*FILESIZE* : 129 (0x000081)
*CODESIZE* : 2077 (0x00081D)
*CHECKSUM* : 0x000807C7
*ISPMODE* : 2
*ISPRESULT* : 0
--------------------
[2026-05-16 12:48:21] : End
--------------------------------------------------
[2026-05-16 12:48:56] : Begin
--------------------
*MCUTYPE* : IAP15W4K61S4
*MCUID* : F56AC5380DA6A2
*FILENAME* : F:\Homework\宓屽叆寮忕郴缁熶綔涓歕瀹為獙2\Objects\鎸夐敭.hex
*FILETIME* : 2026年05月16日, 12:48:50
*FILESIZE* : 143 (0x00008F)
*CODESIZE* : 2084 (0x000824)
*CHECKSUM* : 0x00080C8B
*ISPMODE* : 2
*ISPRESULT* : 0
--------------------
[2026-05-16 12:49:07] : End
--------------------------------------------------
[2026-05-16 12:49:23] : Begin
--------------------
*MCUTYPE* : IAP15W4K61S4
*MCUID* : F56AC5380DA6A2
*FILENAME* : F:\Homework\宓屽叆寮忕郴缁熶綔涓歕瀹為獙2\Objects\鎸夐敭.hex
*FILETIME* : 2026年05月16日, 12:49:17
*FILESIZE* : 129 (0x000081)
*CODESIZE* : 2077 (0x00081D)
*CHECKSUM* : 0x000807B7
*ISPMODE* : 2
*ISPRESULT* : 0
--------------------
[2026-05-16 12:49:31] : End
--------------------------------------------------
[2026-05-16 13:14:42] : Begin
--------------------
*MCUTYPE* : IAP15W4K61S4
*MCUID* : F56AC5380DA6A2
*FILENAME* : F:\Homework\宓屽叆寮忕郴缁熶綔涓歕瀹為獙2\Objects\鎸夐敭.hex
*FILETIME* : 2026年05月16日, 13:14:34
*FILESIZE* : 798 (0x00031E)
*CODESIZE* : 2301 (0x0008FD)
*CHECKSUM* : 0x00087345
*ISPMODE* : 2
*ISPRESULT* : 0
--------------------
[2026-05-16 13:14:51] : End
--------------------------------------------------
[2026-05-16 13:21:32] : Begin
--------------------
*MCUTYPE* : IAP15W4K61S4
*FILENAME* : F:\Homework\宓屽叆寮忕郴缁熶綔涓歕瀹為獙2\Objects\鎸夐敭.hex
*FILETIME* : 2026年05月16日, 13:21:29
*FILESIZE* : 788 (0x000314)
*CODESIZE* : 2301 (0x0008FD)
*CHECKSUM* : 0x00087345
*ISPMODE* : 2
*ISPRESULT* : 3
--------------------
[2026-05-16 13:21:34] : End
--------------------------------------------------
[2026-05-16 13:21:41] : Begin
--------------------
*MCUTYPE* : IAP15W4K61S4
*MCUID* : F56AC5380DA6A2
*FILENAME* : F:\Homework\宓屽叆寮忕郴缁熶綔涓歕瀹為獙2\Objects\鎸夐敭.hex
*FILETIME* : 2026年05月16日, 13:21:29
*FILESIZE* : 788 (0x000314)
*CODESIZE* : 2296 (0x0008F8)
*CHECKSUM* : 0x0008736B
*ISPMODE* : 2
*ISPRESULT* : 0
--------------------
[2026-05-16 13:21:51] : End
--------------------------------------------------
[2026-05-16 13:24:11] : Begin
--------------------
*MCUTYPE* : IAP15W4K61S4
*MCUID* : F56AC5380DA6A2
*FILENAME* : F:\Homework\宓屽叆寮忕郴缁熶綔涓歕瀹為獙2\Objects\鎸夐敭.hex
*FILETIME* : 2026年05月16日, 13:24:05
*FILESIZE* : 794 (0x00031A)
*CODESIZE* : 2299 (0x0008FB)
*CHECKSUM* : 0x0008756B
*ISPMODE* : 2
*ISPRESULT* : 0
--------------------
[2026-05-16 13:24:19] : End
--------------------------------------------------
[2026-05-16 13:32:52] : Begin
--------------------
*MCUTYPE* : IAP15W4K61S4
*MCUID* : F56AC5380DA6A2
*FILENAME* : F:\Homework\宓屽叆寮忕郴缁熶綔涓歕瀹為獙2\Objects\鎸夐敭.hex
*FILETIME* : 2026年05月16日, 13:32:41
*FILESIZE* : 1206 (0x0004B6)
*CODESIZE* : 2440 (0x000988)
*CHECKSUM* : 0x00089D8D
*ISPMODE* : 2
*ISPRESULT* : 0
--------------------
[2026-05-16 13:33:01] : End
--------------------------------------------------
[2026-05-16 13:35:06] : Begin
--------------------
*MCUTYPE* : IAP15W4K61S4
*FILENAME* : F:\Homework\宓屽叆寮忕郴缁熶綔涓歕瀹為獙2\Objects\鎸夐敭.hex
*FILETIME* : 2026年05月16日, 13:35:01
*FILESIZE* : 1214 (0x0004BE)
*CODESIZE* : 2444 (0x00098C)
*CHECKSUM* : 0x0008A0DA
*ISPMODE* : 2
*ISPRESULT* : 3
--------------------
[2026-05-16 13:35:31] : End
--------------------------------------------------
[2026-05-16 13:35:57] : Begin
--------------------
*MCUTYPE* : IAP15W4K61S4
*MCUID* : F56AC5380DA6A2
*FILENAME* : F:\Homework\宓屽叆寮忕郴缁熶綔涓歕瀹為獙2\Objects\鎸夐敭.hex
*FILETIME* : 2026年05月16日, 13:35:01
*FILESIZE* : 1214 (0x0004BE)
*CODESIZE* : 2444 (0x00098C)
*CHECKSUM* : 0x0008A0DA
*ISPMODE* : 2
*ISPRESULT* : 0
--------------------
[2026-05-16 13:36:05] : End
--------------------------------------------------
