[2026-05-23 13:02:59] : Begin
--------------------
*MCUTYPE* : IAP15W4K61S4
*MCUID* : F56AC5380DA6A2
*FILENAME* : F:\Homework\宓屽叆寮忕郴缁熶綔涓歕瀹為獙3\Objects\涓插彛閫氫俊.hex
*FILETIME* : 2026年05月23日, 13:02:33
*FILESIZE* : 1877 (0x000755)
*CODESIZE* : 2662 (0x000A66)
*CHECKSUM* : 0x00090441
*ISPMODE* : 2
*ISPRESULT* : 0
--------------------
[2026-05-23 13:03:09] : End
--------------------------------------------------
[2026-05-23 13:11:19] : Begin
--------------------
*MCUTYPE* : IAP15W4K61S4
*MCUID* : F56AC5380DA6A2
*FILENAME* : F:\Homework\宓屽叆寮忕郴缁熶綔涓歕瀹為獙3\Objects\涓插彛閫氫俊.hex
*FILETIME* : 2026年05月23日, 13:11:10
*FILESIZE* : 1891 (0x000763)
*CODESIZE* : 2669 (0x000A6D)
*CHECKSUM* : 0x0009071B
*ISPMODE* : 2
*ISPRESULT* : 0
--------------------
[2026-05-23 13:11:29] : End
--------------------------------------------------
[2026-05-23 13:12:55] : Begin
--------------------
*MCUTYPE* : IAP15W4K61S4
*MCUID* : F56AC5380DA6A2
*FILENAME* : F:\Homework\宓屽叆寮忕郴缁熶綔涓歕瀹為獙3\Objects\涓插彛閫氫俊.hex
*FILETIME* : 2026年05月23日, 13:12:48
*FILESIZE* : 1901 (0x00076D)
*CODESIZE* : 2674 (0x000A72)
*CHECKSUM* : 0x00090834
*ISPMODE* : 2
*ISPRESULT* : 0
--------------------
[2026-05-23 13:13:05] : End
--------------------------------------------------
[2026-05-23 13:18:06] : Begin
--------------------
*MCUTYPE* : IAP15W4K61S4
*MCUID* : F56AC5380DA6A2
*FILENAME* : F:\Homework\宓屽叆寮忕郴缁熶綔涓歕瀹為獙3\Objects\涓插彛閫氫俊.hex
*FILETIME* : 2026年05月23日, 13:18:00
*FILESIZE* : 1926 (0x000786)
*CODESIZE* : 2680 (0x000A78)
*CHECKSUM* : 0x000909DD
*ISPMODE* : 2
*ISPRESULT* : 0
--------------------
[2026-05-23 13:18:16] : End
--------------------------------------------------
[2026-05-23 13:23:00] : Begin
--------------------
*MCUTYPE* : IAP15W4K61S4
*MCUID* : F56AC5380DA6A2
*FILENAME* : F:\Homework\宓屽叆寮忕郴缁熶綔涓歕瀹為獙3\Objects\涓插彛閫氫俊.hex
*FILETIME* : 2026年05月23日, 13:22:53
*FILESIZE* : 1885 (0x00075D)
*CODESIZE* : 2666 (0x000A6A)
*CHECKSUM* : 0x00090355
*ISPMODE* : 2
*ISPRESULT* : 0
--------------------
[2026-05-23 13:23:09] : End
--------------------------------------------------
[2026-05-23 13:26:22] : Begin
--------------------
*MCUTYPE* : IAP15W4K61S4
*FILENAME* : F:\Homework\宓屽叆寮忕郴缁熶綔涓歕瀹為獙3\Objects\涓插彛閫氫俊.hex
*FILETIME* : 2026年05月23日, 13:26:16
*FILESIZE* : 1926 (0x000786)
*CODESIZE* : 2680 (0x000A78)
*CHECKSUM* : 0x000909DB
*ISPMODE* : 2
*ISPRESULT* : -1
--------------------
[2026-05-23 13:26:25] : End
--------------------------------------------------
[2026-05-23 13:26:31] : Begin
--------------------
*MCUTYPE* : IAP15W4K61S4
*MCUID* : F56AC5380DA6A2
*FILENAME* : F:\Homework\宓屽叆寮忕郴缁熶綔涓歕瀹為獙3\Objects\涓插彛閫氫俊.hex
*FILETIME* : 2026年05月23日, 13:26:16
*FILESIZE* : 1926 (0x000786)
*CODESIZE* : 2680 (0x000A78)
*CHECKSUM* : 0x000909DB
*ISPMODE* : 2
*ISPRESULT* : 0
--------------------
[2026-05-23 13:26:40] : End
--------------------------------------------------
[2026-05-23 13:33:33] : Begin
--------------------
*MCUTYPE* : IAP15W4K61S4
*FILENAME* : F:\Homework\宓屽叆寮忕郴缁熶綔涓歕瀹為獙3\Objects\涓插彛閫氫俊.hex
*FILETIME* : 2026年05月23日, 13:33:28
*FILESIZE* : 1934 (0x00078E)
*CODESIZE* : 2684 (0x000A7C)
*CHECKSUM* : 0x00090C92
*ISPMODE* : 2
*ISPRESULT* : 3
--------------------
[2026-05-23 13:33:59] : End
--------------------------------------------------
[2026-05-23 13:34:30] : Begin
--------------------
*MCUTYPE* : IAP15W4K61S4
*MCUID* : F56AC5380DA6A2
*FILENAME* : F:\Homework\宓屽叆寮忕郴缁熶綔涓歕瀹為獙3\Objects\涓插彛閫氫俊.hex
*FILETIME* : 2026年05月23日, 13:33:28
*FILESIZE* : 1934 (0x00078E)
*CODESIZE* : 2684 (0x000A7C)
*CHECKSUM* : 0x00090C92
*ISPMODE* : 2
*ISPRESULT* : 0
--------------------
[2026-05-23 13:34:37] : End
--------------------------------------------------
[2026-05-23 13:40:00] : Begin
--------------------
*MCUTYPE* : IAP15W4K61S4
*MCUID* : F56AC5380DA6A2
*FILENAME* : F:\Homework\宓屽叆寮忕郴缁熶綔涓歕瀹為獙3\Objects\涓插彛閫氫俊.hex
*FILETIME* : 2026年05月23日, 13:39:49
*FILESIZE* : 1934 (0x00078E)
*CODESIZE* : 2684 (0x000A7C)
*CHECKSUM* : 0x00090C14
*ISPMODE* : 2
*ISPRESULT* : 0
--------------------
[2026-05-23 13:40:08] : End
--------------------------------------------------
[2026-05-23 13:42:54] : Begin
--------------------
*MCUTYPE* : IAP15W4K61S4
*FILENAME* : F:\Homework\宓屽叆寮忕郴缁熶綔涓歕瀹為獙3\Objects\涓插彛閫氫俊.hex
*FILETIME* : 2026年05月23日, 13:42:48
*FILESIZE* : 1934 (0x00078E)
*CODESIZE* : 2684 (0x000A7C)
*CHECKSUM* : 0x00090BA9
*ISPMODE* : 2
*ISPRESULT* : -1
--------------------
[2026-05-23 13:42:56] : End
--------------------------------------------------
[2026-05-23 13:42:58] : Begin
--------------------
*MCUTYPE* : IAP15W4K61S4
*MCUID* : F56AC5380DA6A2
*FILENAME* : F:\Homework\宓屽叆寮忕郴缁熶綔涓歕瀹為獙3\Objects\涓插彛閫氫俊.hex
*FILETIME* : 2026年05月23日, 13:42:48
*FILESIZE* : 1934 (0x00078E)
*CODESIZE* : 2684 (0x000A7C)
*CHECKSUM* : 0x00090BA9
*ISPMODE* : 2
*ISPRESULT* : 0
--------------------
[2026-05-23 13:43:10] : End
--------------------------------------------------
[2026-05-23 13:47:21] : Begin
--------------------
*MCUTYPE* : IAP15W4K61S4
*FILENAME* : F:\Homework\宓屽叆寮忕郴缁熶綔涓歕瀹為獙3\Objects\涓插彛閫氫俊.hex
*FILETIME* : 2026年05月23日, 13:47:06
*FILESIZE* : 1944 (0x000798)
*CODESIZE* : 2689 (0x000A81)
*CHECKSUM* : 0x00090D45
*ISPMODE* : 2
*ISPRESULT* : -1
--------------------
[2026-05-23 13:47:22] : End
--------------------------------------------------
[2026-05-23 13:47:24] : Begin
--------------------
*MCUTYPE* : IAP15W4K61S4
*MCUID* : F56AC5380DA6A2
*FILENAME* : F:\Homework\宓屽叆寮忕郴缁熶綔涓歕瀹為獙3\Objects\涓插彛閫氫俊.hex
*FILETIME* : 2026年05月23日, 13:47:06
*FILESIZE* : 1944 (0x000798)
*CODESIZE* : 2689 (0x000A81)
*CHECKSUM* : 0x00090D45
*ISPMODE* : 2
*ISPRESULT* : 0
--------------------
[2026-05-23 13:47:33] : End
--------------------------------------------------
[2026-05-23 13:49:40] : Begin
--------------------
*MCUTYPE* : IAP15W4K61S4
*FILENAME* : F:\Homework\宓屽叆寮忕郴缁熶綔涓歕瀹為獙3\Objects\涓插彛閫氫俊.hex
*FILETIME* : 2026年05月23日, 13:47:06
*FILESIZE* : 1944 (0x000798)
*CODESIZE* : 2689 (0x000A81)
*CHECKSUM* : 0x00090D45
*ISPMODE* : 2
*ISPRESULT* : 3
--------------------
[2026-05-23 13:50:06] : End
--------------------------------------------------
[2026-05-23 13:52:17] : Begin
--------------------
*MCUTYPE* : IAP15W4K61S4
*MCUID* : F56AC5380DA6A2
*FILENAME* : F:\Homework\宓屽叆寮忕郴缁熶綔涓歕瀹為獙3\Objects\涓插彛閫氫俊.hex
*FILETIME* : 2026年05月23日, 13:52:08
*FILESIZE* : 1944 (0x000798)
*CODESIZE* : 2689 (0x000A81)
*CHECKSUM* : 0x00090E4C
*ISPMODE* : 2
*ISPRESULT* : -1
--------------------
[2026-05-23 13:52:25] : End
--------------------------------------------------
[2026-05-23 13:59:14] : Begin
--------------------
*MCUTYPE* : IAP15W4K61S4
*FILENAME* : F:\Homework\宓屽叆寮忕郴缁熶綔涓歕瀹為獙3\Objects\涓插彛閫氫俊.hex
*FILETIME* : 2026年05月23日, 13:59:09
*FILESIZE* : 1948 (0x00079C)
*CODESIZE* : 2691 (0x000A83)
*CHECKSUM* : 0x00090DA4
*ISPMODE* : 2
*ISPRESULT* : 3
--------------------
[2026-05-23 13:59:39] : End
--------------------------------------------------
[2026-05-23 13:59:45] : Begin
--------------------
*MCUTYPE* : IAP15W4K61S4
*MCUID* : F56AC5380DA6A2
*FILENAME* : F:\Homework\宓屽叆寮忕郴缁熶綔涓歕瀹為獙3\Objects\涓插彛閫氫俊.hex
*FILETIME* : 2026年05月23日, 13:59:09
*FILESIZE* : 1948 (0x00079C)
*CODESIZE* : 2691 (0x000A83)
*CHECKSUM* : 0x00090DA4
*ISPMODE* : 2
*ISPRESULT* : 0
--------------------
[2026-05-23 13:59:51] : End
--------------------------------------------------
